---
source: tests/tests.rs
expression: "format(&contents, LuaVersion::Luau)"
input_file: tests/inputs-luau-full_moon/types_chained_optionals.lua
---
type Config = {
	option1: string??, -- you probably need it once in a while
	option2: string???, -- once a year
	option3: string??????, -- once in your life!
}

