---
source: tests/tests.rs
assertion_line: 12
expression: format(&contents)

---
-- https://github.com/JohnnyMorganz/StyLua/issues/405
do
	for _, v in ipairs({
		Kind.SELECTION_sET,
		Kind.DIRECTIVE,
		Kind.OEPRATION_DEFINITION,
		Kind.INLINE_FRAGMENT,
		Kind.FRAGMENT_DEFINITION,
		Kind.ARGUMENT,
	}) do
	end
end

