---
source: tests/tests.rs
expression: "format_code(&contents,\n        Config::default().with_collapse_simple_statement(CollapseSimpleStatement::Always),\n        None, OutputVerification::None).unwrap()"
---
local _, tag_section = toc_entry.parent:has_descendant(
	function(x) return type(x) == "table" and x.type == "section" and x.info.id == "@tag" end
)

