---
source: tests/tests.rs
expression: "format_code(&contents,\n        Config::default().with_collapse_simple_statement(CollapseSimpleStatement::Always),\n        None, OutputVerification::None).unwrap()"
---
local comment_parts = vim.tbl_filter(function(x) return x ~= "" end, vim.split(commentstring, "%s", true))

