---
source: tests/tests.rs
expression: "format_code(&contents,\n        Config::default().with_collapse_simple_statement(CollapseSimpleStatement::Always),\n        None, OutputVerification::None).unwrap()"
---
-- https://github.com/JohnnyMorganz/StyLua/issues/744

if tabnr ~= finaltab then stack:push("%T") end

