---
source: tests/tests.rs
expression: "format(&contents, LuaVersion::Lua51)"
input_file: tests/inputs-full_moon/table-constructors-9.lua
---
-- comments separated by tab chars, should be parsed as trailing trivia of the tokens they are next to
-- stylua: ignore
local too = {
	x,		-- string
	y,		-- string
}

