---
source: tests/tests.rs
expression: "format_code(&contents,\n        Config::default().with_collapse_simple_statement(CollapseSimpleStatement::Always),\n        None, OutputVerification::None).unwrap()"
---
function MiniCompletion.default_process_items(items, base)
	return H.default_config.lsp_completion.process_items(items, base)
end

