---
source: tests/tests.rs
expression: "format_code(&contents,\n        Config {\n            preserve_block_newline_gaps: PreserveBlockNewlineGaps::Always,\n            ..Config::default()\n        }, None, OutputVerification::None).unwrap()"
input_file: tests/inputs-preserve-block-newline-gaps/long-elseif-chain.lua
---
if
	this_is == very_long_variable_name
	and to_ensure_that == it_is_broken_into
	and multiple_lines == in_order_to_see_how_that_looks
then
	return false
elseif
	this_is == very_long_variable_name
	and to_ensure_that == it_is_broken_into
	and multiple_lines == in_order_to_see_how_that_looks
then
	local only_a_gap_of_one_newline_is_preserved_below = 1
	local hurray = true

elseif
	this_is == very_long_variable_name
	and to_ensure_that == it_is_broken_into
	and multiple_lines == in_order_to_see_how_that_looks
then

	local only_a_gap_of_one_newline_is_preserved_above = 1
	local hurray = true
else

	return also_preserved_in_else_blocks
end
